
> bfp-berong-safescape@0.1.0 build
> next build

   Γû▓ Next.js 15.2.4
   - Environments: .env
   - Experiments (use with caution):
     ┬╖ allowedDevOrigins

   Creating an optimized production build ...
 Γ£ô Compiled successfully
   Linting and checking validity of types ...
node.exe :  Γ¿» 
ESLint: Converting 
circular structure to 
JSON     --> starting 
at object with 
constructor 'Object'  
   |     property 
'configs' -> object 
with constructor 
'Object'     |     
property 'flat' -> 
object with 
constructor 'Object'  
   |     ...     |    
 property 'plugins' 
-> object with 
constructor 'Object'  
   --- property 
'react' closes the 
circle Referenced 
from: C:\Users\keinj\D
ocuments\berong-safesc
ape\.eslintrc.json
At line:1 char:1
+ & "C:\Program Files\
nodejs/node.exe" 
"C:\Program 
Files\nodejs/node_mo 
...
+ ~~~~~~~~~~~~~~~~~~~~
~~~~~~~~~~~~~~~~~~~~~~
~~~~~~~~~~~~~~~~~~~~~~
~~~~~
    + CategoryInfo    
          : NotSpeci  
  fied: ( Γ¿» ESLin   
 t: Co...\.eslintr    
c.json:String) []    
, RemoteException
    + FullyQualifiedE 
   rrorId : NativeCo  
  mmandError
 
   Collecting page data ...
[Error 
[PageNotFoundError]: 
Cannot find module 
for page: /about] {
  code: 'ENOENT'
}

> Build error occurred
[Error: Failed to 
collect page data for 
/about] { type: 
'Error' }
